Error occurred at line 1 - Invalid format for parking slots.
